stm32wlxx_ll_rcc.h:1258:22:LL_RCC_LSE_SetDriveCapability	16	static
stm32wlxx_ll_bus.h:287:22:LL_AHB1_GRP1_EnableClock	24	static
stm32wlxx_ll_bus.h:449:22:LL_AHB2_GRP1_EnableClock	24	static
main.c:78:5:main	8	static
main.c:126:6:SystemClock_Config	112	static
main.c:175:6:MX_ADC_Init	8	static
main.c:221:6:MX_I2C2_Init	8	static
main.c:267:6:MX_RTC_Init	80	static
main.c:350:6:MX_SUBGHZ_Init	8	static
main.c:376:6:MX_USART2_UART_Init	8	static
main.c:422:6:MX_DMA_Init	8	static
main.c:441:13:MX_GPIO_Init	8	static
main.c:459:6:Error_Handler	4	static,ignoring_inline_asm
