stm32wlxx_ll_rcc.h:2332:22:LL_RCC_EnableRTC	4	static
stm32wlxx_ll_rcc.h:2342:22:LL_RCC_DisableRTC	4	static
stm32wlxx_ll_bus.h:449:22:LL_AHB2_GRP1_EnableClock	24	static
stm32wlxx_ll_bus.h:914:22:LL_APB1_GRP1_EnableClock	24	static
stm32wlxx_ll_bus.h:1018:22:LL_APB1_GRP1_DisableClock	16	static
stm32wlxx_ll_bus.h:1303:22:LL_APB2_GRP1_EnableClock	24	static
stm32wlxx_ll_bus.h:1351:22:LL_APB2_GRP1_DisableClock	16	static
stm32wlxx_ll_bus.h:1488:22:LL_APB3_GRP1_EnableClock	24	static
stm32wlxx_ll_bus.h:1516:22:LL_APB3_GRP1_DisableClock	16	static
stm32wlxx_hal_msp.c:64:6:HAL_MspInit	4	static
stm32wlxx_hal_msp.c:83:6:HAL_ADC_MspInit	40	static
stm32wlxx_hal_msp.c:116:6:HAL_ADC_MspDeInit	16	static
stm32wlxx_hal_msp.c:144:6:HAL_I2C_MspInit	96	static
stm32wlxx_hal_msp.c:189:6:HAL_I2C_MspDeInit	16	static
stm32wlxx_hal_msp.c:220:6:HAL_RTC_MspInit	72	static
stm32wlxx_hal_msp.c:254:6:HAL_RTC_MspDeInit	16	static
stm32wlxx_hal_msp.c:277:6:HAL_SUBGHZ_MspInit	16	static
stm32wlxx_hal_msp.c:296:6:HAL_SUBGHZ_MspDeInit	16	static
stm32wlxx_hal_msp.c:315:6:HAL_UART_MspInit	96	static
stm32wlxx_hal_msp.c:361:6:HAL_UART_MspDeInit	16	static
